typedef IntArray{
mtype Name;
short Array[20];
};
typedef Integer{
short short;
};